[kai.id/index.html]
[backblue.gif]
[fade.gif]
[index.html]
[kai.id/static/konten/favicon.ico]
[kai.id/static/favicon/manifest.json]
[kai.id/static/favicon/mstile-144x144.png]
[kai.id/static/vendors/animate.css/animate.min.css]
[kai.id/static/Font-Awesome/css/font-awesome.min.css]
[kai.id/static/assets/fonts/megatron/styles.css]
[kai.id/static/assets/css/kai.css]
[kai.id/static/assets/sidebar/css/kai-sidebar.css]
[kai.id/static/vendors/jquery/dist/jquery.min.js]
[kai.id/static/vendors/jquery-ui/jquery-ui.min.js]
[kai.id/static/assets/select2.css]
[kai.id/static/assets/select2.js]
[www.google-analytics.com/analytics.js]
[kai.id/static/vendors/modernizr/modernizr.js]
[kai.id/static/konten/logokai_main.png]
[kai.id/static/konten/250x150b.jpg]
[kai.id/corporate/passenger_services/0.html]
[kai.id/corporate/passenger_services/1.html]
[kai.id/corporate/passenger_services/2.html]
[kai.id/corporate/freight_services/0.html]
[kai.id/corporate/freight_services/1.html]
[kai.id/corporate/freight_services/2.html]
[kai.id/corporate/asset_services_product.html]
[kai.id/corporate/asset_services/0.html]
[kai.id/corporate/asset_services/1.html]
[kai.id/index-2.html]
[kai.id/static/header/dropdown biru 1170x625.png]
[kai.id/static/header/booking3.png]
[kai.id/static/konten/logo_white.png]
[kai.id/static/vendors/slick-carousel/slick/slick.js]
[kai.id/static/konten/d28fbb1bc0032ae76cdc3d35dcef13cf.jpg]
[kai.id/static/konten/1.jpg]
[kai.id/static/konten/37c00f1db96adfd9581a26374d4113f3.jpg]
[kai.id/static/konten/2.jpg]
[kai.id/static/konten/3.jpg]
[kai.id/static/konten/4.jpg]
[kai.id/static/konten/5.jpg]
[kai.id/static/konten/6.jpg]
[kai.id/static/konten/b01f75c54e354bf70db873823290283b.jpg]
[kai.id/static/konten/4543095cfa9357ad79cf19370777de02.jpg]
[kai.id/static/konten/b709d88e6b2546c23d225bf36f920b31.jpg]
[kai.id/static/konten/1646a920564537ac506357ab254380e9.jpg]
[kai.id/static/konten/d364e971d4172033525b06c0c583093b.jpg]
[kai.id/static/konten/6d2efb030c425c03c9af35f72fe3ec3c.jpg]
[kai.id/static/konten/37774cdf743c7e92a8c41e15b2cfd15b.jpg]
[kai.id/static/konten/50715e9d4597969755afd6d4e25c15d0.jpg]
[kai.id/static/konten/b60acee0a3f1715d95ae8bc09e8df7db.jpg]
[kai.id/static/konten/c05a79367bcb9dc76ad8d4e1293125df.jpg]
[kai.id/static/konten/6b1cac19724f026a5a7c8c10bb8988b2.jpg]
[kai.id/static/konten/5daa37670ad24c2910cbd4dffff95e12.jpg]
[kai.id/static/konten/3d9421c2c61e2d6f918c20f400cda70f.jpg]
[kai.id/static/konten/fa4274d0f3bd92af9327342b69d04322.jpg]
[kai.id/static/konten/67debf456ddaea7e2afb7ade17877513.jpg]
[kai.id/static/konten/c31532779abb10a8ee1c01c005f5ae72.jpg]
[kai.id/static/konten/bbabaffd27c2faa52752b716bde2637b.jpg]
[kai.id/static/konten/e372685906ec5a27cf4a55d0979947d4.jpg]
[kai.id/static/konten/5c06cc85c5c87a7aef9646db8e6d53cb.jpg]
[kai.id/static/konten/0d1018548097ea1dd4d911be2edffc05.jpg]
[kai.id/static/konten/1ad01a08d9f88c510d7ecf8bdd5baaa5.jpg]
[kai.id/static/konten/9ecc2f1dcc3223e0d0c0f7e25c6a4764.jpg]
[kai.id/static/konten/96952abc39cf4990cce2bd4628fc7cff.jpg]
[kai.id/information/full_news/1342-mou-kai-dan-bpd-sumsel-babel-untuk-tiket-lrt-palembang.html]
[kai.id/information/full_news/1339-angkringan-on-station-untuk-jalin-kebersamaan.html]
[kai.id/information/full_news/1333-kai-sajikan-kebersamaan-dengan-angkringan-on-station.html]
[kai.id/information/full_news/1327-23752-seat-kereta-api-tambahan-dijual-mulai-16-april-2018.html]
[kai.id/information/full_news/1336-penandatangan-mou-antara-kai-dengan-tni-al-tni-au-dan-perum-lkbn-antara.html]
[kai.id/information/full_news/1330-antisipasi-kemacetan-lalu-lintas-di-seputaran-monas-pt-kai-daop-1-jakarta-rekayasa-pola-operasi-pemberangkatan-ka.html]
[kai.id/information/full_news/1321-kai-raih-3-penghargaan-di-ajang-ccsea-2018.html]
[kai.id/information/full_news/1315-kai-sudah-menggunakan-alat-berat-untuk-normalisasi-track.html]
[kai.id/information/full_news/1309-kunjungan-kerja-ke-sukabumi-presiden-jokowi-kembali-gunakan-ka-sebagai-moda-transportasinya.html]
[kai.id/information/full_news/1318-kai-angkat-istri-masinis-ka-sancaka-sebagai-pegawai.html]
[kai.id/static/konten/n_angkutan_penumpang.jpg]
[kai.id/static/konten/n_angkutan_barang.jpg]
[kai.id/static/konten/n_pengusahaan_aset.jpg]
[kai.id/static/konten/rmu.png]
[kai.id/static/konten/railink.png]
[kai.id/static/konten/kci.png]
[kai.id/static/konten/kawista.png]
[kai.id/static/konten/kalog.png]
[kai.id/static/konten/kapm.png]
[kai.id/static/konten/profil_kereta_cepat.pdf]
[kai.id/static/konten/psbi.png]
[kai.id/static/konten/KAI121.png]
[kai.id/static/konten/bumn_hun.png]
[kai.id/static/konten/lapor-logo.png]
[kai.id/static/konten/App-Store-Badge.png]
[kai.id/static/konten/google-play-badge.png]
[kai.id/corporate/page/10.html]
[kai.id/corporate/page/12.html]
[kai.id/static/konten/booking_button_mobile.png]
[kai.id/account/forgotten_password.html]
[kai.id/account.html]
[kai.id/static/vendors/bootstrap/dist/js/bootstrap.min.js]
[kai.id/static/vendors/waypoints/lib/jquery.waypoints.min.js]
[kai.id/static/vendors/waypoints/lib/shortcuts/sticky.min.js]
[kai.id/static/vendors/smoothscroll/SmoothScroll.js]
[kai.id/static/vendors/wow/dist/wow.min.js]
[kai.id/static/vendors/parallax.js/parallax.js]
[kai.id/static/vendors/isotope/dist/isotope.pkgd.min.js]
[kai.id/static/vendors/imagesloaded/imagesloaded.pkgd.min.js]
[kai.id/static/vendors/jquery-countTo/jquery.countTo.js]
[kai.id/static/vendors/bootstrap-progressbar/bootstrap-progressbar.min.js]
[kai.id/static/vendors/magnific-popup/dist/jquery.magnific-popup.min.js]
[kai.id/static/vendors/chaffle/dist/js/jquery.chaffle.min.js]
[kai.id/static/assets/js/main.js]
[kai.id/static/vendors/jquery-modal/jquery.modal.js]
[kai.id/index.html]
[kai.id/static/favicon/mstile-144x144.html]
[kai.id/static/vendors/animate.css/animate.min.css]
[kai.id/static/vendors/js-cookie/js.cookie.js]
[kai.id/static/Font-Awesome/fonts/fontawesome-webfont3e6e.eot]
[kai.id/static/Font-Awesome/fonts/fontawesome-webfontd41d.eot]
[kai.id/static/Font-Awesome/fonts/fontawesome-webfont3e6e.woff2]
[kai.id/static/Font-Awesome/fonts/fontawesome-webfont3e6e.woff]
[kai.id/static/Font-Awesome/fonts/fontawesome-webfont3e6e.ttf]
[kai.id/static/Font-Awesome/css/font-awesome.min.css]
[kai.id/static/Font-Awesome/fonts/fontawesome-webfont3e6e.svg]
[kai.id/static/assets/fonts/megatron/fonts/megatron.eot]
[kai.id/static/assets/fonts/megatron/fonts/megatron.woff]
[kai.id/static/assets/fonts/megatron/fonts/megatrond41d.eot]
[kai.id/static/assets/fonts/megatron/fonts/megatron.ttf]
[kai.id/static/assets/fonts/megatron/styles.css]
[kai.id/static/assets/fonts/proximanova-light-webfont.html]
[kai.id/static/assets/fonts/megatron/fonts/megatron.svg]
[kai.id/static/assets/fonts/proximanova-light-webfontd41d.html]
[kai.id/static/assets/fonts/proximanova-light-webfont.woff2]
[kai.id/static/assets/fonts/proximanova-light-webfont.woff]
[kai.id/static/assets/fonts/proximanova-light-webfont-2.html]
[kai.id/static/assets/fonts/proximanova-lightitalic-webfont.html]
[kai.id/static/assets/fonts/proximanova-lightitalic-webfont.woff2]
[kai.id/static/assets/fonts/proximanova-lightitalic-webfontd41d.html]
[kai.id/static/assets/fonts/proximanova-lightitalic-webfont.woff]
[kai.id/static/assets/fonts/proximanova-lightitalic-webfont-2.html]
[kai.id/static/assets/fonts/proximanova-regular-webfont.html]
[kai.id/static/assets/fonts/proximanova-regular-webfontd41d.html]
[kai.id/static/assets/fonts/proximanova-regular-webfont.woff2]
[kai.id/static/assets/fonts/proximanova-regular-webfont.woff]
[kai.id/static/assets/fonts/proximanova-regular-webfont-2.html]
[kai.id/static/assets/fonts/proximanova-regitalic-webfont.html]
[kai.id/static/assets/fonts/proximanova-regitalic-webfontd41d.html]
[kai.id/static/assets/fonts/proximanova-regitalic-webfont.woff2]
[kai.id/static/assets/fonts/proximanova-regitalic-webfont.woff]
[kai.id/static/assets/fonts/proximanova-regitalic-webfont-2.html]
[kai.id/static/assets/fonts/proximanova-semibold-webfont.html]
[kai.id/static/assets/fonts/proximanova-semibold-webfontd41d.html]
[kai.id/static/assets/fonts/proximanova-semibold-webfont.woff2]
[kai.id/static/assets/fonts/proximanova-semibold-webfont.woff]
[kai.id/static/assets/fonts/proximanova-semibold-webfont-2.html]
[kai.id/static/assets/fonts/proximanova-semibolditalic-webfont.html]
[kai.id/static/assets/fonts/proximanova-semibolditalic-webfontd41d.html]
[kai.id/static/assets/fonts/proximanova-semibolditalic-webfont.woff2]
[kai.id/static/assets/fonts/proximanova-semibolditalic-webfont.woff]
[kai.id/static/assets/fonts/proximanova-semibolditalic-webfont-2.html]
[kai.id/static/assets/fonts/proximanova-bold-webfont.html]
[kai.id/static/assets/fonts/proximanova-bold-webfontd41d.html]
[kai.id/static/assets/fonts/proximanova-bold-webfont.woff2]
[kai.id/static/assets/fonts/proximanova-bold-webfont.woff]
[kai.id/static/assets/fonts/proximanova-bold-webfont-2.html]
[kai.id/static/assets/fonts/proximanova-boldit-webfont.html]
[kai.id/static/assets/fonts/proximanova-boldit-webfontd41d.html]
[kai.id/static/assets/fonts/proximanova-boldit-webfont.woff2]
[kai.id/static/assets/fonts/proximanova-boldit-webfont.woff]
[kai.id/static/assets/fonts/proximanova-boldit-webfont-2.html]
[kai.id/static/assets/fonts/proximanova-extrabold-webfont.html]
[kai.id/static/assets/fonts/proximanova-extrabold-webfontd41d.html]
[kai.id/static/assets/fonts/proximanova-extrabold-webfont.woff2]
[kai.id/static/assets/fonts/proximanova-extrabold-webfont.woff]
[kai.id/static/assets/fonts/proximanova-extrabold-webfont-2.html]
[kai.id/static/assets/fonts/firasans-bold.html]
[kai.id/static/assets/fonts/firasans-boldd41d.html]
[kai.id/static/assets/fonts/firasans-bold.woff2]
[kai.id/static/assets/fonts/firasans-bold.woff]
[kai.id/static/assets/fonts/firasans-bold-2.html]
[kai.id/static/assets/fonts/firasans-bold-3.html]
[kai.id/static/assets/fonts/firasans-extralight.html]
[kai.id/static/assets/fonts/firasans-extralightd41d.html]
[kai.id/static/assets/fonts/firasans-extralight.woff2]
[kai.id/static/assets/fonts/firasans-extralight.woff]
[kai.id/static/assets/fonts/firasans-extralight-2.html]
[kai.id/static/assets/fonts/firasans-extralight-3.html]
[kai.id/static/assets/fonts/firasans-semibold.html]
[kai.id/static/assets/fonts/firasans-semiboldd41d.html]
[kai.id/static/assets/fonts/firasans-semibold.woff2]
[kai.id/static/assets/fonts/firasans-semibold.woff]
[kai.id/static/assets/fonts/firasans-semibold-2.html]
[kai.id/static/assets/fonts/firasans-semibold-3.html]
[kai.id/static/assets/fonts/firasans-light.woff2]
[kai.id/static/assets/fonts/firasans-light.woff]
[kai.id/static/assets/css/font/PlayfairDisplay-Regular.woff2]
[kai.id/static/assets/css/font/PlayfairDisplay-Bold.woff2]
[kai.id/static/assets/css/font/PlayfairDisplay-Black.woff2]
[kai.id/static/assets/css/font/PlayfairDisplay-Italic.woff2]
[kai.id/static/assets/css/font/PlayfairDisplay-BoldItalic.woff2]
[kai.id/static/assets/css/font/PlayfairDisplay-BlackItalic.woff2]
[kai.id/static/assets/images/gif/ajax-loader.gif]
[kai.id/static/assets/images/other/landing-bg.png]
[kai.id/static/assets/css/kai.css]
[kai.id/static/assets/sidebar/css/kai-sidebar.css]
[kai.id/static/assets/select2.css]
[kai.id/static/konten/n_penumpang.jpg]
[kai.id/static/konten/n_crew_KA.jpg]
[kai.id/static/konten/n_finnet.jpg]
[kai.id/static/konten/n_boarding_pass.jpg]
[kai.id/static/konten/n_KAI_Access.jpg]
[kai.id/static/konten/cc121.jpg]
[kai.id/static/konten/n_internet_reservasi.jpg]
[kai.id/corporate/passenger_services/0.html]
[kai.id/corporate/passenger_services/1.html]
[kai.id/corporate/passenger_services/2.html]
[kai.id/corporate/freight_services/index.html]
[kai.id/static/konten/n_peti_kemas_2.jpg]
[kai.id/corporate/freight_services/index-2.html]
[kai.id/static/konten/n_peti_kemas.jpg]
[kai.id/corporate/freight_services/0.html]
[kai.id/static/konten/n_channel_barang.jpg]
[kai.id/corporate/freight_services/1.html]
[kai.id/corporate/freight_services/2.html]
[kai.id/my404.html]
[kai.id/corporate/asset_st.html]
[kai.id/static/konten/ba52dd85bb9d7f3a60e4aba2bb9da681.jpg]
[kai.id/static/konten/c0ca3c98c4b8bef4ddb6a8244e16e9ea.jpg]
[kai.id/corporate/asset_adv.html]
[kai.id/static/konten/5a5b23f20b7012713e87e1d707f42cb2.jpg]
[kai.id/corporate/asset_services_product.html]
[kai.id/corporate/asset_services/index.html]
[kai.id/static/konten/323x772.jpg]
[kai.id/corporate/asset_services/0.html]
[kai.id/corporate/asset_services/1.html]
[kai.id/index-2.html]
[kai.id/corporate/asset_services/index-2.html]
[kai.id/information/news.html]
[kai.id/static/berita/a9201610b4d225056559d1c4baebd9ce.jpg]
[kai.id/information/news/index.html]
[kai.id/static/berita/ce5442d3a31d8c1e45e2d8f646368b4d.jpg]
[kai.id/information/full_news/1342-mou-kai-dan-bpd-sumsel-babel-untuk-tiket-lrt-palembang.html]
[kai.id/static/berita/50f3ea8ee75bd4bc7d25ae892f1cbfd4.jpg]
[kai.id/static/berita/3502ca4a1b21a6bddeec15c0c34c84a8.jpg]
[kai.id/static/berita/3a92d0194f0f579fcd490c072b1acb50.jpg]
[kai.id/information/full_news/1339-angkringan-on-station-untuk-jalin-kebersamaan.html]
[kai.id/information/full_news/1333-kai-sajikan-kebersamaan-dengan-angkringan-on-station.html]
[kai.id/information/full_news/1327-23752-seat-kereta-api-tambahan-dijual-mulai-16-april-2018.html]
[kai.id/information/news/press-release.html]
[kai.id/static/berita/70326807bbb20b2353c799497ac7d9df.jpg]
[kai.id/static/berita/c3f824285f4f5416344a5fa2b7eb7e11.jpg]
[kai.id/static/berita/b7133fb6968ebb2b849b1e5f0058a86d.jpg]
[kai.id/information/full_news/1336-penandatangan-mou-antara-kai-dengan-tni-al-tni-au-dan-perum-lkbn-antara.html]
[kai.id/static/berita/9ce4fd327e9f941bf09f23e3a127fc78.jpg]
[kai.id/information/full_news/1330-antisipasi-kemacetan-lalu-lintas-di-seputaran-monas-pt-kai-daop-1-jakarta-rekayasa-pola-operasi-pemberangkatan-ka.html]
[kai.id/static/berita/d2e1b61919d9943fc7fa09d28eca74cb.jpg]
[kai.id/static/berita/691c83dbd43716ef113a7656c1fafd71.jpg]
[kai.id/information/full_news/1321-kai-raih-3-penghargaan-di-ajang-ccsea-2018.html]
[kai.id/information/full_news/1315-kai-sudah-menggunakan-alat-berat-untuk-normalisasi-track.html]
[kai.id/static/berita/514ce964a55549f8ca0e1832ae799ae2.jpg]
[kai.id/static/berita/6d3a16398646650832b68e51c5576236.jpg]
[kai.id/static/berita/d1867962a513573c6b6b38137655bc52.jpg]
[kai.id/static/berita/d32d5f7552e58a37d0d6bb91c45d1ed3.jpg]
[kai.id/static/berita/00b14218fd8efee14e3584a32c0b1bf8.jpg]
[kai.id/information/full_news/1309-kunjungan-kerja-ke-sukabumi-presiden-jokowi-kembali-gunakan-ka-sebagai-moda-transportasinya.html]
[kai.id/static/berita/e72dc44486477c06b611b33f358d980b.jpg]
[kai.id/static/berita/7caea914d11e7b271be5398c591446c6.jpg]
[kai.id/static/berita/1c4ff998143e360ee8e2ed2148e1bf05.jpg]
[kai.id/information/full_news/1318-kai-angkat-istri-masinis-ka-sancaka-sebagai-pegawai.html]
[kai.id/corporate/page/11.html]
[kai.id/static/konten/3f54c1b752183db6e849f2bffdef5850.jpg]
[kai.id/static/konten/b14465351d792a2a25531117e661d681.jpg]
[kai.id/corporate/contact.html]
[kai.id/static/konten/8ee9b878072faa56ee893b979875e216.jpg]
[kai.id/corporate/page/10.html]
[kai.id/static/konten/b14465351d792a2a25531117e661d678.jpg]
[kai.id/static/konten/b14465351d792a2a25531117e661d690.jpg]
[kai.id/information/document.html]
[kai.id/static/konten/5aae78a17ad7cca05cef0d9437714d6e.jpg]
[kai.id/information/news/announcement.html]
[kai.id/static/konten/b35c751d4494f1a3f61be9538c598106.jpg]
[kai.id/corporate/page/12.html]
[kai.id/account/index.html]
[kai.id/account/forgotten_password.html]
[kai.id/account.html]
[kai.id/static/Font-Awesome/fonts/fontawesome-webfont3e6e.svg]
[kai.id/home.html]
[kai.id/static/assets/fonts/megatron/fonts/megatron.svg]
[kai.id/static/assets/fonts/proximanova-light-webfont.html]
[kai.id/static/assets/fonts/proximanova-light-webfontd41d.html]
[kai.id/static/assets/fonts/proximanova-light-webfont-2.html]
[kai.id/static/assets/fonts/proximanova-lightitalic-webfont.html]
[kai.id/static/assets/fonts/proximanova-lightitalic-webfontd41d.html]
[kai.id/static/assets/fonts/index.html]
[kai.id/static/assets/fonts/proximanova-lightitalic-webfont-2.html]
[kai.id/static/assets/fonts/proximanova-regular-webfont.html]
[kai.id/static/assets/fonts/proximanova-regular-webfontd41d.html]
[kai.id/static/assets/fonts/proximanova-regular-webfont-2.html]
[kai.id/static/assets/fonts/proximanova-regitalic-webfont.html]
[kai.id/static/assets/fonts/proximanova-regitalic-webfontd41d.html]
[kai.id/static/assets/fonts/proximanova-regitalic-webfont-2.html]
[kai.id/static/assets/fonts/proximanova-semibold-webfont.html]
[kai.id/static/assets/fonts/proximanova-semibold-webfontd41d.html]
[kai.id/static/assets/fonts/proximanova-semibold-webfont-2.html]
[kai.id/static/assets/fonts/proximanova-semibolditalic-webfont.html]
[kai.id/static/assets/fonts/proximanova-semibolditalic-webfontd41d.html]
[kai.id/static/assets/fonts/proximanova-semibolditalic-webfont-2.html]
[kai.id/static/assets/fonts/proximanova-bold-webfont.html]
[kai.id/static/assets/fonts/proximanova-bold-webfontd41d.html]
[kai.id/static/assets/fonts/proximanova-bold-webfont-2.html]
[kai.id/static/assets/fonts/proximanova-boldit-webfont.html]
[kai.id/static/assets/fonts/proximanova-boldit-webfontd41d.html]
[kai.id/static/assets/fonts/proximanova-boldit-webfont-2.html]
[kai.id/static/assets/fonts/proximanova-extrabold-webfont.html]
[kai.id/static/assets/fonts/proximanova-extrabold-webfontd41d.html]
[kai.id/static/assets/fonts/proximanova-extrabold-webfont-2.html]
[kai.id/static/assets/fonts/firasans-bold.html]
[kai.id/static/assets/fonts/firasans-boldd41d.html]
[kai.id/static/assets/fonts/firasans-bold-2.html]
[kai.id/static/assets/fonts/firasans-bold-3.html]
[kai.id/static/assets/fonts/firasans-extralight.html]
[kai.id/static/assets/fonts/firasans-extralightd41d.html]
[kai.id/static/assets/fonts/firasans-extralight-2.html]
[kai.id/static/assets/fonts/firasans-extralight-3.html]
[kai.id/static/assets/fonts/firasans-semibold.html]
[kai.id/static/assets/fonts/firasans-semiboldd41d.html]
[kai.id/static/assets/fonts/firasans-semibold-2.html]
[kai.id/static/assets/fonts/firasans-semibold-3.html]
[res.cloudinary.com/ddtpxyvco/raw/upload/v1490460402/bootstrap_ifn90z.css]
[res.cloudinary.com/ddtpxyvco/raw/upload/v1490459253/theme_iyp9no.css]
[res.cloudinary.com/ddtpxyvco/raw/upload/v1490459253/theme-elements_fgst3r.css]
[res.cloudinary.com/ddtpxyvco/raw/upload/v1490459252/default_hdjugk.css]
[maxcdn.bootstrapcdn.com/font-awesome/4.7.0/css/font-awesome.min.css]
[res.cloudinary.com/itangnet/image/upload/v1520417400/Kereta_Api_ylxs40.jpg]
[res.cloudinary.com/itangnet/image/upload/v1520415762/siloko_irrwnh.png]
[res.cloudinary.com/itangnet/image/upload/v1520474244/App-Store-Badge_o8niy4.png]
[res.cloudinary.com/itangnet/image/upload/v1520474249/google-play-badge_oaqjjz.png]
[kai.id/sorry.html]
[kai.id/corporate/freight_services/index.html]
[kai.id/corporate/freight_services/index-2.html]
[kai.id/my404.html]
[kai.id/corporate/asset_st/1-stasiun-gambir.html]
[kai.id/static/konten/2bd4ba06283479050a724dc32f723ab0.jpg]
[kai.id/corporate/asset_st/4-stasiun-jakarta-kota.html]
[kai.id/static/konten/628f4a62ef8dbe3ac59e4846538a1c62.jpg]
[kai.id/corporate/asset_st/7-stasiun-jatinegara.html]
[kai.id/static/konten/b57cee4aa14693298a9b5e24f9f3efd5.jpg]
[kai.id/corporate/asset_st.html]
[kai.id/static/konten/069a4333b759c19a505185be95ab7000.jpg]
[kai.id/static/konten/361f5fe128eb141cf8d8b20b5775a662.jpg]
[kai.id/static/konten/ea84d3729ee8640dca0c1d0be83d99a2.jpg]
[kai.id/static/konten/ac6217a0a7181f038625768183aa91a0.jpg]
[kai.id/static/konten/9ac8acc1adfaa9653659b7028fe8d671.jpg]
[kai.id/static/konten/0ef5112dfa35878083adeebae60221f0.jpg]
[kai.id/static/konten/10d2fa151d7f60a9cf871ec89a345b92.jpg]
[kai.id/static/konten/fd6f61459b0b533636708d37ac37d9d5.jpg]
[kai.id/static/konten/1a19879437f8f2cf8e7cc4534b72ced6.jpg]
[kai.id/static/konten/3f52a0c3b9156baaa0bc56e775045b2d.jpg]
[kai.id/static/konten/9985b92d2aef1fb505808a760e9356d7.jpg]
[kai.id/corporate/asset_adv.html]
[kai.id/corporate/asset_services/index.html]
[kai.id/corporate/asset_services/index-2.html]
[kai.id/information/full_news/1312-daop-4-semarang-resmi-mengoperasikan-ka-tawang-jaya-premium.html]
[kai.id/static/berita/ac58bbe0f0fbfeb0c21532733dffa4cd.jpg]
[kai.id/information/full_news/1303-tutup-313-pelintasan-sebidang-dalam-2-bulan-kai-dapatkan-rekor-muri.html]
[kai.id/static/berita/62c6a7b69409b30eb3c2f11e8db454a3.jpg]
[kai.id/information/full_news/1306-awal-2019-ka-bandara-adi-soemarmo-beroperasi.html]
[kai.id/static/berita/3374c4dd8a6515e5705a36f11165f74c.jpg]
[kai.id/information/full_news/1324-meriahkan-hut-kota-malang-kai-adakan-rail-run.html]
[kai.id/static/berita/59baa8ab9fe924315e23113e019294a0.jpg]
[kai.id/information/full_news/1297-dukung-petani-lokal-kai-adakan-kai-access-durian-festival.html]
[kai.id/static/berita/019abbb13a95c7e52777b5ae9751d5f0.jpg]
[kai.id/information/news.html]
[kai.id/information/newsload/index.html]
[kai.id/information/news/index.html]
[kai.id/information/news/index-2.html]
[kai.id/information/full_news/1291-libur-long-weekend-pt-kai-daop-1-jakarta-operasikan-12-ka-tambahan.html]
[kai.id/information/news/press-release.html]
[kai.id/information/full_news/1288-menyambut-long-weekend-daop-2-jalankan-ka-lodaya-tambahan.html]
[kai.id/information/persload/index.html]
[kai.id/static/konten/a891b0d60afb1b6f072186ab828205ef.jpg]
[kai.id/corporate/about_kai/index.html]
[kai.id/static/konten/9a314c72098131e63686af87bad45662.jpg]
[kai.id/corporate/page/11.html]
[kai.id/corporate/contact.html]
[kai.id/corporate/organization/index.html]
[kai.id/static/company-profile/company_profile_2016.jpg]
[kai.id/static/company-profile/company_profile_2016.pdf]
[kai.id/static/company-profile/company_profile_2014.jpg]
[kai.id/static/company-profile/company_profile_2014.pdf]
[kai.id/static/company-profile/company_profile_2013.jpg]
[kai.id/static/company-profile/company_profile_2013.pdf]
[kai.id/static/company-profile/company_profile_2012.jpg]
[kai.id/static/company-profile/company_profile_2012.pdf]
[kai.id/static/company-profile/company_profile_2011.jpg]
[kai.id/static/company-profile/company_profile_2011.pdf]
[kai.id/static/company-profile/company_profile_2010.jpg]
[kai.id/static/company-profile/company_profile_2010.pdf]
[kai.id/static/company-profile/company_profile_2009.jpg]
[kai.id/static/company-profile/company_profile_2009.pdf]
[kai.id/static/company-profile/company_profile_2008.jpg]
[kai.id/static/company-profile/company_profile_2008.pdf]
[kai.id/static/annual-report/annual_report_2016.jpg]
[kai.id/static/annual-report/annual_report_2016.pdf]
[kai.id/static/annual-report/annual_report_2015.jpg]
[kai.id/static/annual-report/annual_report_2015.pdf]
[kai.id/static/annual-report/annual_report_2014.jpg]
[kai.id/static/annual-report/annual_report_2014.pdf]
[kai.id/static/annual-report/annual_report_2013.jpg]
[kai.id/static/annual-report/annual_report_2013.pdf]
[kai.id/static/annual-report/annual_report_2012.jpg]
[kai.id/static/annual-report/annual_report_2012.pdf]
[kai.id/static/annual-report/annual_report_2011.jpg]
[kai.id/static/annual-report/annual_report_2011.pdf]
[kai.id/static/annual-report/annual_report_2010.jpg]
[kai.id/static/annual-report/annual_report_2010.pdf]
[kai.id/static/annual-report/annual_report_2009.jpg]
[kai.id/static/annual-report/annual_report_2009.pdf]
[kai.id/static/annual-report/annual_report_2008.jpg]
[kai.id/static/annual-report/annual_report_2008.pdf]
[kai.id/static/sustainability-report/sustainability_report_2015.jpg]
[kai.id/static/sustainability-report/sustainability_report_2015.pdf]
[kai.id/static/sustainability-report/sustainability_report_2014.jpg]
[kai.id/static/sustainability-report/sustainability_report_2014.pdf]
[kai.id/static/majalah-rel/on_track_april_2018.jpg]
[kai.id/static/majalah-rel/on_track_april_2018.pdf]
[kai.id/static/majalah-rel/on_track_maret_2018.jpg]
[kai.id/static/majalah-rel/on_track_maret_2018.pdf]
[kai.id/static/majalah-rel/majalah_rel_edisi_6_2017.jpg]
[kai.id/static/majalah-rel/majalah_rel_edisi_6_2017.pdf]
[kai.id/static/majalah-rel/majalah_rel_edisi_5_2017.jpg]
[kai.id/static/majalah-rel/majalah_rel_edisi_5_2017.pdf]
[kai.id/static/majalah-rel/majalah_rel_edisi_4_2017.jpg]
[kai.id/static/majalah-rel/majalah_rel_edisi_4_2017.pdf]
[kai.id/static/majalah-rel/majalah_rel_edisi_3_2017.jpg]
[kai.id/static/majalah-rel/majalah_rel_edisi_3_2017.pdf]
[kai.id/static/majalah-rel/majalah_rel_edisi_2_2017.jpg]
[kai.id/static/majalah-rel/majalah_rel_edisi_2_2017.pdf]
[kai.id/static/majalah-rel/majalah_rel_edisi_1_2017.jpg]
[kai.id/static/majalah-rel/majalah_rel_edisi_1_2017.pdf]
[kai.id/information/document.html]
[kai.id/information/news/announcement.html]
[kai.id/information/announceload/index.html]
[kai.id/account/index.html]
[kai.id/static/konten/c5c40f83d3bfb1e1a656489f5c99fdc1.jpg]
[kai.id/static/konten/65f0a28cbc6756e6803e181015a17fc9.jpg]
[kai.id/home.html]
[kai.id/static/assets/fonts/index.html]
[res.cloudinary.com/ddtpxyvco/raw/upload/v1490460402/bootstrap_ifn90z.css]
[maxcdn.bootstrapcdn.com/font-awesome/4.7.0/css/font-awesome.min.css]
[res.cloudinary.com/ddtpxyvco/raw/upload/v1490459253/theme_iyp9no.css]
[res.cloudinary.com/ddtpxyvco/raw/upload/v1490459253/theme-elements_fgst3r.css]
[res.cloudinary.com/ddtpxyvco/raw/upload/v1490459252/default_hdjugk.css]
[kai.id/corporate/page/31]
[kai.id/corporate/passenger_services/index.html]
[kai.id/corporate/asset_st/index.html]
[kai.id/static/konten/7467f78459d78a82b7edba025b61bc86.jpg]
[kai.id/static/konten/d7cbcafb70fd8301dc4083a277812be1.jpg]
[kai.id/corporate/asset_st/1-stasiun-gambir.html]
[kai.id/static/konten/73f44f198ce237bdedceb5e7d9932f74.jpg]
[kai.id/static/konten/0c3c403df049d5312f09f3a9f44a743f.jpg]
[kai.id/corporate/asset_st/4-stasiun-jakarta-kota.html]
[kai.id/static/konten/d8ebb18e0b47839d68456e21edb55e2d.jpg]
[kai.id/static/konten/02b136096f818458ed5e901ddea8bee2.jpg]
[kai.id/corporate/asset_st/7-stasiun-jatinegara.html]
[kai.id/static/berita/4fa72c1750a148d0e3a2119dcd5354cd.jpg]
[kai.id/static/berita/18b736ce0d55e559cfaafc8c2865463c.jpg]
[kai.id/information/full_news/1312-daop-4-semarang-resmi-mengoperasikan-ka-tawang-jaya-premium.html]
[kai.id/static/berita/8420ba47517c81632a78843ec94903b2.jpg]
[kai.id/information/full_news/1303-tutup-313-pelintasan-sebidang-dalam-2-bulan-kai-dapatkan-rekor-muri.html]
[kai.id/static/berita/eec4d34a5afae094fd8627c48c21d671.jpg]
[kai.id/information/full_news/1306-awal-2019-ka-bandara-adi-soemarmo-beroperasi.html]
[kai.id/static/berita/e0e91a7e94951e3c46b541faa702abe1.jpg]
[kai.id/static/berita/6fe894bfbba403ed09349fbecae5fb4e.jpg]
[kai.id/static/berita/192fec2126188140db80d2067e7c5cc7.jpg]
[kai.id/information/full_news/1324-meriahkan-hut-kota-malang-kai-adakan-rail-run.html]
[kai.id/static/berita/a946a29675259a100d76ea63b4321785.jpg]
[kai.id/static/berita/76395f1b1f32d9dccd561685b3efc0f5.jpg]
[kai.id/static/berita/271295120c60c5eddee78a0831cc1a09.jpg]
[kai.id/information/full_news/1297-dukung-petani-lokal-kai-adakan-kai-access-durian-festival.html]
[kai.id/information/newsload/index.html]
[kai.id/information/news/index-2.html]
[kai.id/information/full_news/1291-libur-long-weekend-pt-kai-daop-1-jakarta-operasikan-12-ka-tambahan.html]
[kai.id/information/full_news/1288-menyambut-long-weekend-daop-2-jalankan-ka-lodaya-tambahan.html]
[kai.id/information/persload/index.html]
[kai.id/corporate/about_kai/index-2.html]
[kai.id/static/konten/e3a7ff0eda37209fea3ee9fdb7b4520d14e6.jpg]
[kai.id/static/konten/57296b0fbd060e2fa3368b1088dccb8e14e6.jpg]
[kai.id/corporate/about_kai/index.html]
[kai.id/corporate/organization/index-2.html]
[kai.id/static/konten/63d5e14be0aaa64eabfa7e91db2c7abb.png]
[kai.id/corporate/detail_bodboc/1.html]
[kai.id/static/konten/boc_riza.jpg]
[kai.id/corporate/detail_bodboc/2.html]
[kai.id/static/konten/boc_pungky.jpg]
[kai.id/corporate/detail_bodboc/3.html]
[kai.id/static/konten/e38cee17da7e466ad33f25b9856589aa.jpg]
[kai.id/corporate/detail_bodboc/25.html]
[kai.id/static/konten/boc_andus.jpg]
[kai.id/corporate/detail_bodboc/5.html]
[kai.id/static/konten/boc_rahmat.jpg]
[kai.id/corporate/detail_bodboc/6.html]
[kai.id/static/konten/a1d839f4299758ebadd7458a79e32bce.png]
[kai.id/corporate/detail_bodboc/22.html]
[kai.id/static/konten/d7cbf41b9f92f8813a9f2e839dbd42b9.png]
[kai.id/corporate/detail_bodboc/4.html]
[kai.id/static/konten/964eaad0e76d2783a5be13946334dabc.jpg]
[kai.id/corporate/detail_bodboc/7.html]
[kai.id/static/konten/8fb62ff0a80cfa007f37d0411a0a482d.jpg]
[kai.id/corporate/detail_bodboc/8.html]
[kai.id/static/konten/bod_slamet.jpg]
[kai.id/corporate/detail_bodboc/9.html]
[kai.id/static/konten/58f6995e6f102e08fa2d51251017f62b.jpg]
[kai.id/corporate/detail_bodboc/10.html]
[kai.id/static/konten/bod_azhari.jpg]
[kai.id/corporate/detail_bodboc/11.html]
[kai.id/static/konten/147157ecefc14b12c46ae2cd95b34052.jpg]
[kai.id/corporate/detail_bodboc/12.html]
[kai.id/static/konten/f38048780a9241fddd839752dd541e69.jpg]
[kai.id/corporate/detail_bodboc/13.html]
[kai.id/static/konten/e412ca2af974653aa4d2c056d9167039.jpg]
[kai.id/corporate/detail_bodboc/14.html]
[kai.id/static/konten/bod_eddy.jpg]
[kai.id/corporate/detail_bodboc/15.html]
[kai.id/static/konten/bod_didiek.jpg]
[kai.id/corporate/detail_bodboc/16.html]
[kai.id/static/konten/1cf5ba5dfe9ff44f49382312b044a1df14e6.jpg]
[kai.id/static/konten/decda1e6f25c49ba7320794edd2578c814e6.jpg]
[kai.id/static/konten/7aba023bad8d08c86b61af0ba7671b3114e6.png]
[kai.id/static/konten/b47c71aac4868e442d7e84210568f1f414e6.jpg]
[kai.id/static/konten/2156343071998557dbb87ac51425f71314e6.jpg]
[kai.id/static/konten/44e2d7c89af2b12631623c8b6827e52514e6.jpg]
[kai.id/static/konten/66218cf91001ce205e5f05a75dba3c6314e6.jpg]
[kai.id/media/content/profil_kereta_cepat.pdf]
[kai.id/static/konten/afb519cf97dc9ee265408bbc92d1a8b8.png]
[kai.id/corporate/organization/index.html]
[kai.id/static/majalah-rel/majalah_rel_edisi_2_2017.pdf]
[kai.id/static/majalah-rel/majalah_rel_edisi_1_2017.pdf]
[kai.id/static/annual-report/annual_report_2012.pdf]
[kai.id/information/announceload/index.html]
[res.cloudinary.com/ddtpxyvco/raw/upload/img/custom-header-bg.gif]
[res.cloudinary.com/ddtpxyvco/raw/upload/img/video-overlay.gif]
[res.cloudinary.com/ddtpxyvco/raw/upload/img/map.gif]
[res.cloudinary.com/ddtpxyvco/raw/upload/img/map-2.gif]
[res.cloudinary.com/ddtpxyvco/raw/upload/img/home-concept-icons.gif]
[res.cloudinary.com/ddtpxyvco/raw/upload/img/home-concept.gif]
[res.cloudinary.com/ddtpxyvco/raw/upload/img/home-concept-item.gif]
[res.cloudinary.com/ddtpxyvco/raw/upload/img/map-dark.gif]
[res.cloudinary.com/ddtpxyvco/raw/upload/img/home-concept-dark.gif]
[res.cloudinary.com/ddtpxyvco/raw/upload/img/home-concept-item-dark.gif]
[res.cloudinary.com/ddtpxyvco/raw/upload/img/home-concept-icons-dark.gif]
[res.cloudinary.com/ddtpxyvco/raw/upload/img/arrows-dark.gif]
[res.cloudinary.com/ddtpxyvco/raw/upload/img/history-thumb-dark.gif]
[res.cloudinary.com/ddtpxyvco/raw/upload/img/patterns/stripes.gif]
[res.cloudinary.com/ddtpxyvco/raw/upload/img/video-overlay-dark.gif]
[res.cloudinary.com/ddtpxyvco/raw/upload/img/custom-underline.gif]
[res.cloudinary.com/ddtpxyvco/raw/upload/img/patterns/worn_dots.gif]
[res.cloudinary.com/ddtpxyvco/raw/upload/img/patterns/az_subtle.gif]
[res.cloudinary.com/ddtpxyvco/raw/upload/img/arrows.gif]
[res.cloudinary.com/ddtpxyvco/raw/upload/img/flags.gif]
[res.cloudinary.com/ddtpxyvco/raw/upload/img/history-thumb.gif]
[kai.id/corporate/passenger_services/index.html]
[kai.id/corporate/asset_st/index.html]
[kai.id/static/konten/index.html]
[kai.id/corporate/about_kai/index-2.html]
[kai.id/corporate/organization/index-2.html]
[kai.id/corporate/detail_bodboc/1.html]
[kai.id/corporate/detail_bodboc/2.html]
[kai.id/corporate/detail_bodboc/3.html]
[kai.id/corporate/detail_bodboc/25.html]
[kai.id/corporate/detail_bodboc/5.html]
[kai.id/corporate/detail_bodboc/6.html]
[kai.id/corporate/detail_bodboc/22.html]
[kai.id/corporate/detail_bodboc/4.html]
[kai.id/corporate/detail_bodboc/7.html]
[kai.id/corporate/detail_bodboc/8.html]
[kai.id/corporate/detail_bodboc/9.html]
[kai.id/corporate/detail_bodboc/10.html]
[kai.id/corporate/detail_bodboc/11.html]
[kai.id/corporate/detail_bodboc/12.html]
[kai.id/corporate/detail_bodboc/13.html]
[kai.id/corporate/detail_bodboc/14.html]
[kai.id/corporate/detail_bodboc/15.html]
[kai.id/corporate/detail_bodboc/16.html]
[kai.id/media/content/profil_kereta_cepat.html]
[kai.id/static/konten/index.html]
[kai.id/static/konten/index-2.html]
[kai.id/static/konten/index-2.html]
